version: (200506)

available memory: 64M bytes
used memory: 139264 bytes [need 136K bytes if disable swap]

used block: 3 [memory(3) file(0)]
                 [ 8K(1) 64K(2) { total 136K bytes } ]
overhead: (9538) bytes for (3) blocks [Average: (3179) bytes/block]

write  => 0(times) 0K(bytes) [0K bytes to file]
read   => 2(times) 18K(bytes) [4K bytes compressed data from file]
access => 56839(times) 447M(bytes)
          [hit ratio: 99.9965%]

time: write(0) read(0)  unit: second

swap file directory: (/home/st54/HW4/verdiLog)
used swap file number: (3)



swap file manager:
arrSize: (256)
idxCnt: (4)
closeHead: (1)
closeTail: (3)
openCnt: (3)
fid(3): fd(1073741825) fileName(/home/st54/HW4/simv.daidir/kdb.elab++/work.lib++/test.sv.tdc)
	size(6170) lastModTime(1777787016) curModTime(1777787016)
	mode(rb)	hot(0) cool(2) pos(0)
fid(2): fd(26) fileName(/home/st54/HW4/verdiLog/_swap_0001#8323328#51811)
	size(0) lastModTime(0) curModTime(1777787064)
	mode(w+b)	hot(3) cool(1) pos(0)
fid(1): fd(1073741824) fileName(/home/st54/HW4/simv.daidir/kdb.elab++/work.lib++/top.sv.tdc)
	size(914) lastModTime(1777787016) curModTime(1777787016)
	mode(rb)	hot(2) cool(0) pos(0)
fid(0): fd(0) fileName(NULL)
	mode(NULL)	hot(0) cool(0) pos(0)
==================================================
mySelf(0x1c3ad740) pre(0x1c39f060) next((nil))
version(200506)
date(Nov 14 2022 02:32:13)
