Command Line: /usr/synopsys/verdi/T-2022.06-SP2/platform/LINUXAMD64/bin/Novas -ssf waves.fsdb
uname(Linux synopsys.stbzu.edu 3.10.0-1160.83.1.el7.x86_64 #1 SMP Mon Dec 19 10:44:06 UTC 2022 x86_64)
type= DS_SCOPE element= 1 field= 1
VERILOG top
VERILOG tb
-----
second field= DebussyLib
third field= test
type= DS_SCOPE element= 1 field= 1
VERILOG top
-----
second field= DebussyLib
third field= top
type= DS_SCOPE element= 1 field= 1
VERILOG top
-----
second field= DebussyLib
third field= top
type= DS_SCOPE element= 1 field= 1
VERILOG top
-----
second field= DebussyLib
third field= top
Signal SIGHUP is received. Shutting down...