# Preference setting overrides
gui_create_pref_key -category {Globals} -key {load_detail_for_funcov} -value_type {bool} -value {false}

# State setting overrides
gui_state_default_create -off -ini
gui_set_state_value -category Globals -key recent_databases -value {{gui_open_db -file inter.fsdb} {gui_open_db -file sim.vcd.fsdb}}
gui_set_state_value -category Layout -key child_console_size_x -value 715
gui_set_state_value -category Layout -key child_console_size_y -value 176
gui_set_state_value -category Layout -key child_data_size_x -value 171
gui_set_state_value -category Layout -key child_data_size_y -value 406
gui_set_state_value -category Layout -key child_hier_col3 -value {-1}
gui_set_state_value -category Layout -key child_hier_colpd -value 0
gui_set_state_value -category Layout -key child_hier_size_x -value 171
gui_set_state_value -category Layout -key child_hier_size_y -value 406
gui_set_state_value -category Layout -key child_source_docknewline -value false
gui_set_state_value -category Layout -key child_source_pos_x -value {-2}
gui_set_state_value -category Layout -key child_source_pos_y -value {-15}
gui_set_state_value -category Layout -key child_source_size_x -value 376
gui_set_state_value -category Layout -key child_source_size_y -value 401
gui_set_state_value -category Layout -key main_pos_x -value 8
gui_set_state_value -category Layout -key main_pos_y -value 31
gui_set_state_value -category Layout -key main_size_x -value 723
gui_set_state_value -category Layout -key main_size_y -value 736
gui_create_state_key -category FindDialog -key m_pMatchCase -value_type bool -value false
gui_create_state_key -category FindDialog -key m_pMatchWord -value_type bool -value false
gui_create_state_key -category FindDialog -key m_pUseCombo -value_type string -value {}
gui_create_state_key -category FindDialog -key m_pWrapAround -value_type bool -value true
gui_state_default_create -off

# Begin command logging
gui_open_db -file inter.fsdb
gui_open_source /home/st54/HW4/my_mem.sv
gui_src_expand -id { Source.1 } -fid  0  -line 5
gui_set_env SIMSETUP::SIMCURRENTDIR /home/st54/HW4
